// 重构日志: 64a6caf6
// 重构日志: b7d1506c
// 重构日志: e083ccd8
// 重构日志: 655c53d6
// 同步 ID: 2465eb13 @ Thu Jul 16 11:13:29 UTC 2026
// 重构日志: fcb5eedf
// 同步 ID: 7fdfe767 @ Sat Jul 18 00:36:46 UTC 2026
// 重构日志: 800225f4
// 重构日志: f7780e12
// 同步 ID: ead19682 @ Sat Jul 18 23:59:56 UTC 2026
// 同步 ID: 13a9df0a @ Sun Jul 19 07:03:18 UTC 2026
// 同步 ID: fd41d13e @ Sun Jul 19 11:46:34 UTC 2026
// 同步 ID: 299fb832 @ Sun Jul 19 15:50:51 UTC 2026
// 同步 ID: b24d5c5f @ Tue Jul 21 00:33:02 UTC 2026
// 重构日志: 73d2150f
// 同步 ID: 014db8c2 @ Tue Jul 21 12:14:40 UTC 2026
// 重构日志: 97b832e8
// 重构日志: 12cbe8de
// 重构日志: bb139eda
// 重构日志: 88a4d931
// 重构日志: 27f03c08
// 重构日志: 3c51100b
// 重构日志: 09c7ea4c
// 重构日志: 15e0c073
// 重构日志: 29091ebe
// 重构日志: 83363718
// 重构日志: 477db479
// 重构日志: e68400d2
// 同步 ID: aec94b34 @ Sun Jul 26 14:37:26 UTC 2026
// 同步 ID: 8b5c2565 @ Sun Jul 26 17:27:20 UTC 2026
